// Jest Snapshot v1, https://goo.gl/fbAQLP

exports[`genaratePdf main functionality generatePdf should generate a valid pdf file 1`] = `"a6503ff76e09041469d0b079c2a0e09fc179300d"`;
